// Jest Snapshot v1, https://goo.gl/fbAQLP

exports[`App renders component after click event snapshot test 1`] = `
<div>
  <div
    class="App"
  >
    <div
      class="header"
    >
      <div>
        Itstagram
      </div>
      <div
        class="navBar"
      >
        <div>
          <a
            href="/"
          >
            <img
              src="home.png"
            />
            Home
          </a>
        </div>
        <div>
          <a
            href="/"
          >
            <img
              src="search.png"
            />
            Search
          </a>
        </div>
        <div>
          <a
            href="/"
          >
             
            <img
              src="explore.png"
            />
            Explore
          </a>
        </div>
        <div>
          <a
            href="/"
          >
            <img
              src="message.png"
            />
            Messages
          </a>
        </div>
        <div>
          <a
            href="/"
          >
            <img
              src="notification.png"
            />
            Notifications
          </a>
        </div>
        <div>
          <a
            href="/post"
          >
            <img
              src="create.png"
            />
            Create
          </a>
        </div>
        <div>
          <a
            href="/profile"
          >
            Profile
          </a>
        </div>
        <div>
          <a
            href="/"
          >
            <img
              src="more.png"
            />
            More
          </a>
        </div>
      </div>
    </div>
    <div
      class="Home"
    >
      <h1>
        Home
      </h1>
    </div>
  </div>
</div>
`;
