// Jest Snapshot v1, https://goo.gl/fbAQLP

exports[`App renders component after click event snapshot test 1`] = `
<div>
  <div
    class="App"
  >
    <div
      class="header"
    >
      <div
        class="title"
      >
        Itstagram
      </div>
      <div
        class="navBar"
      >
        <div>
          <a
            href="/"
          >
            <img
              src="home.png"
            />
            Home
          </a>
        </div>
        <div>
          <a
            href="/"
          >
            <img
              src="search.png"
            />
            Search
          </a>
        </div>
        <div>
          <a
            href="/"
          >
             
            <img
              src="explore.png"
            />
            Explore
          </a>
        </div>
        <div>
          <a
            href="/"
          >
             
            <img
              src="explore.png"
            />
            Reels
          </a>
        </div>
        <div>
          <a
            href="/"
          >
            <img
              src="message.png"
            />
            Messages
          </a>
        </div>
        <div>
          <a
            href="/"
          >
            <img
              src="notification.png"
            />
            Notifications
          </a>
        </div>
        <div>
          <a
            href="/post"
          >
            <img
              src="create.png"
            />
            Create
          </a>
        </div>
        <div>
          <a
            href="/profile"
          >
            Profile
          </a>
        </div>
        <div>
          <a
            href="/"
          >
            <img
              src="more.png"
            />
            More
          </a>
        </div>
      </div>
    </div>
    <div
      class="Home"
    >
      <div
        class="feed"
      >
        <div
          class="storiesContainer"
        >
          <button
            class="storiesNextBtn"
          >
            &gt;
          </button>
          <button
            class="storiesPrevBtn hidden"
          >
            &lt; 
          </button>
          <div
            class="storiesWrapper"
          >
            <div
              class="follower"
              data-id="0"
            >
               
              <div
                class="followerImg"
              >
                <img
                  src="rosie.jpg"
                />
              </div>
              <div>
                rosie
              </div>
            </div>
            <div
              class="follower"
              data-id="1"
            >
               
              <div
                class="followerImg"
              >
                <img
                  src="dot.jpg"
                />
              </div>
              <div>
                dot
              </div>
            </div>
            <div
              class="follower"
              data-id="2"
            >
               
              <div
                class="followerImg"
              >
                <img
                  src="flick.jpg"
                />
              </div>
              <div>
                flick
              </div>
            </div>
            <div
              class="follower"
              data-id="3"
            >
               
              <div
                class="followerImg"
              >
                <img
                  src="heimlich.jpg"
                />
              </div>
              <div>
                heimlich
              </div>
            </div>
            <div
              class="follower"
              data-id="4"
            >
               
              <div
                class="followerImg"
              >
                <img
                  src="hopper.jpg"
                />
              </div>
              <div>
                hopper
              </div>
            </div>
            <div
              class="follower"
              data-id="5"
            >
               
              <div
                class="followerImg"
              >
                <img
                  src="rosie.jpg"
                />
              </div>
              <div>
                rosie
              </div>
            </div>
            <div
              class="follower"
              data-id="6"
            >
               
              <div
                class="followerImg"
              >
                <img
                  src="dot.jpg"
                />
              </div>
              <div>
                dot
              </div>
            </div>
            <div
              class="follower"
              data-id="7"
            >
               
              <div
                class="followerImg"
              >
                <img
                  src="flick.jpg"
                />
              </div>
              <div>
                flick
              </div>
            </div>
            <div
              class="follower"
              data-id="8"
            >
               
              <div
                class="followerImg"
              >
                <img
                  src="heimlich.jpg"
                />
              </div>
              <div>
                heimlich
              </div>
            </div>
            <div
              class="follower"
              data-id="9"
            >
               
              <div
                class="followerImg"
              >
                <img
                  src="hopper.jpg"
                />
              </div>
              <div>
                hopper
              </div>
            </div>
            <div
              class="follower"
              data-id="10"
            >
               
              <div
                class="followerImg"
              >
                <img
                  src="night.jpg"
                />
              </div>
              <div>
                night
              </div>
            </div>
          </div>
        </div>
        <div
          class="posts"
        >
          <div>
            <h1>
              Home
            </h1>
          </div>
          <div
            class="post"
          >
            <div>
              <div
                class="postInfo"
              >
                <img
                  src="dot.jpg"
                />
                <div
                  style="font-weight: bold;"
                >
                  dot
                </div>
              </div>
              <img
                src="post.png"
              />
            </div>
            <img
              src="rockWall.jpg"
            />
            <div
              class="postDescrip"
            >
              hola
            </div>
          </div>
          <div
            class="post"
          >
            <div>
              <div
                class="postInfo"
              >
                <img
                  src="flick.jpg"
                />
                <div
                  style="font-weight: bold;"
                >
                  flick
                </div>
              </div>
              <img
                src="post.png"
              />
            </div>
            <img
              src="rockWallBlack.jpg"
            />
            <div
              class="postDescrip"
            >
              hola
            </div>
          </div>
          <div
            class="post"
          >
            <div>
              <div
                class="postInfo"
              >
                <img
                  src="heimlich.jpg"
                />
                <div
                  style="font-weight: bold;"
                >
                  heimlich
                </div>
              </div>
              <img
                src="post.png"
              />
            </div>
            <img
              src="rockWall.jpg"
            />
            <div
              class="postDescrip"
            >
              hola
            </div>
          </div>
        </div>
      </div>
      <div
        class="rightDiv"
      >
        <div>
          <div
            class="suggestSwitchAcc"
          >
            <img
              src="rosie.jpg"
            />
            <div>
              <div>
                Account Username
              </div>
              <div>
                Some username
              </div>
            </div>
          </div>
          <button>
            Switch
          </button>
        </div>
        <div
          class="suggestions"
        >
          <div>
            Suggestions For You
             
            <button
              style="color: black;"
            >
              See All
            </button>
          </div>
          <div
            class="suggestionFollowers"
          >
            <div>
              <img
                src="rosie.jpg"
              />
              <div>
                <div
                  class="suggestFollowerName"
                >
                  rosie
                </div>
                <div>
                  Followed by 
                  rosie
                   + 
                  3
                   more
                </div>
              </div>
            </div>
            <button>
              Follow
            </button>
          </div>
          <div
            class="suggestionFollowers"
          >
            <div>
              <img
                src="dot.jpg"
              />
              <div>
                <div
                  class="suggestFollowerName"
                >
                  dot
                </div>
                <div>
                  Followed by 
                  dot
                   + 
                  4
                   more
                </div>
              </div>
            </div>
            <button>
              Follow
            </button>
          </div>
          <div
            class="suggestionFollowers"
          >
            <div>
              <img
                src="flick.jpg"
              />
              <div>
                <div
                  class="suggestFollowerName"
                >
                  flick
                </div>
                <div>
                  Followed by 
                  flick
                   + 
                  5
                   more
                </div>
              </div>
            </div>
            <button>
              Follow
            </button>
          </div>
          <div
            class="suggestionFollowers"
          >
            <div>
              <img
                src="heimlich.jpg"
              />
              <div>
                <div
                  class="suggestFollowerName"
                >
                  heimlich
                </div>
                <div>
                  Followed by 
                  heimlich
                   + 
                  6
                   more
                </div>
              </div>
            </div>
            <button>
              Follow
            </button>
          </div>
          <div
            class="suggestionFollowers"
          >
            <div>
              <img
                src="hopper.jpg"
              />
              <div>
                <div
                  class="suggestFollowerName"
                >
                  hopper
                </div>
                <div>
                  Followed by 
                  hopper
                   + 
                  7
                   more
                </div>
              </div>
            </div>
            <button>
              Follow
            </button>
          </div>
          <div
            class="suggestionFollowers"
          >
            <div>
              <img
                src="rosie.jpg"
              />
              <div>
                <div
                  class="suggestFollowerName"
                >
                  rosie
                </div>
                <div>
                  Followed by 
                  rosie
                   + 
                  8
                   more
                </div>
              </div>
            </div>
            <button>
              Follow
            </button>
          </div>
          <div
            class="suggestionFollowers"
          >
            <div>
              <img
                src="dot.jpg"
              />
              <div>
                <div
                  class="suggestFollowerName"
                >
                  dot
                </div>
                <div>
                  Followed by 
                  dot
                   + 
                  9
                   more
                </div>
              </div>
            </div>
            <button>
              Follow
            </button>
          </div>
          <div
            class="suggestionFollowers"
          >
            <div>
              <img
                src="flick.jpg"
              />
              <div>
                <div
                  class="suggestFollowerName"
                >
                  flick
                </div>
                <div>
                  Followed by 
                  flick
                   + 
                  10
                   more
                </div>
              </div>
            </div>
            <button>
              Follow
            </button>
          </div>
          <div
            class="suggestionFollowers"
          >
            <div>
              <img
                src="heimlich.jpg"
              />
              <div>
                <div
                  class="suggestFollowerName"
                >
                  heimlich
                </div>
                <div>
                  Followed by 
                  heimlich
                   + 
                  11
                   more
                </div>
              </div>
            </div>
            <button>
              Follow
            </button>
          </div>
          <div
            class="suggestionFollowers"
          >
            <div>
              <img
                src="hopper.jpg"
              />
              <div>
                <div
                  class="suggestFollowerName"
                >
                  hopper
                </div>
                <div>
                  Followed by 
                  hopper
                   + 
                  12
                   more
                </div>
              </div>
            </div>
            <button>
              Follow
            </button>
          </div>
          <div
            class="suggestionFollowers"
          >
            <div>
              <img
                src="night.jpg"
              />
              <div>
                <div
                  class="suggestFollowerName"
                >
                  night
                </div>
                <div>
                  Followed by 
                  night
                   + 
                  13
                   more
                </div>
              </div>
            </div>
            <button>
              Follow
            </button>
          </div>
        </div>
      </div>
    </div>
  </div>
</div>
`;
