// Jest Snapshot v1, https://goo.gl/fbAQLP

exports[`App renders component after click event snapshot test 1`] = `
<div>
  <div
    class="App"
  >
    <div
      class="header"
    >
      <div
        class="title"
      >
        Itstagram
      </div>
      <div
        class="navBar"
      >
        <div>
          <a
            href="/"
          >
            <img
              src="home.png"
            />
            Home
          </a>
        </div>
        <div>
          <a
            href="/"
          >
            <img
              src="search.png"
            />
            Search
          </a>
        </div>
        <div>
          <a
            href="/"
          >
             
            <img
              src="explore.png"
            />
            Explore
          </a>
        </div>
        <div>
          <a
            href="/"
          >
             
            <img
              src="reels.png"
            />
            Reels
          </a>
        </div>
        <div>
          <a
            href="/"
          >
            <img
              src="message.png"
            />
            Messages
          </a>
        </div>
        <div>
          <a
            href="/"
          >
            <img
              src="notification.png"
            />
            Notifications
          </a>
        </div>
        <div>
          <a
            href="/post"
          >
            <img
              src="create.png"
            />
            Create
          </a>
        </div>
        <div>
          <a
            href="/profile"
          >
            Profile
          </a>
        </div>
        <div
          class="moreWrapper"
        >
          <div>
            <div
              class="moreMenu hidden"
            >
              <div>
                Settings
              </div>
              <div>
                Your Activity
              </div>
              <div>
                Saved
              </div>
              <div>
                Switch Appearance
              </div>
              <div>
                Report a problem
              </div>
              <div>
                Switch Accounts
              </div>
              <div>
                Log out
              </div>
            </div>
            <div>
              <img
                src="more.png"
              />
              More
            </div>
          </div>
        </div>
      </div>
    </div>
    <div
      aria-label="Home"
      class="Home"
    >
      <div
        class="feed"
      >
        <div
          class="storiesContainer"
        >
          <button
            class="storiesNextBtn"
          >
            &gt;
          </button>
          <button
            class="storiesPrevBtn hidden"
          >
            &lt; 
          </button>
          <div
            class="storiesWrapper"
          >
            <div
              class="follower"
            >
              <div
                class="followerImg"
              >
                <img
                  src="rosie.jpg"
                />
              </div>
              <div>
                rosie
              </div>
            </div>
            <div
              class="follower"
            >
              <div
                class="followerImg"
              >
                <img
                  src="dot.jpg"
                />
              </div>
              <div>
                dot
              </div>
            </div>
            <div
              class="follower"
            >
              <div
                class="followerImg"
              >
                <img
                  src="flick.jpg"
                />
              </div>
              <div>
                flick
              </div>
            </div>
            <div
              class="follower"
            >
              <div
                class="followerImg"
              >
                <img
                  src="heimlich.jpg"
                />
              </div>
              <div>
                heimlich
              </div>
            </div>
            <div
              class="follower"
            >
              <div
                class="followerImg"
              >
                <img
                  src="hopper.jpg"
                />
              </div>
              <div>
                hopper
              </div>
            </div>
            <div
              class="follower"
            >
              <div
                class="followerImg"
              >
                <img
                  src="rosie.jpg"
                />
              </div>
              <div>
                rosie
              </div>
            </div>
            <div
              class="follower"
            >
              <div
                class="followerImg"
              >
                <img
                  src="dot.jpg"
                />
              </div>
              <div>
                dot
              </div>
            </div>
            <div
              class="follower"
            >
              <div
                class="followerImg"
              >
                <img
                  src="flick.jpg"
                />
              </div>
              <div>
                flick
              </div>
            </div>
            <div
              class="follower"
            >
              <div
                class="followerImg"
              >
                <img
                  src="heimlich.jpg"
                />
              </div>
              <div>
                heimlich
              </div>
            </div>
            <div
              class="follower"
            >
              <div
                class="followerImg"
              >
                <img
                  src="hopper.jpg"
                />
              </div>
              <div>
                hopper
              </div>
            </div>
            <div
              class="follower"
            >
              <div
                class="followerImg"
              >
                <img
                  src="night.jpg"
                />
              </div>
              <div>
                night
              </div>
            </div>
          </div>
        </div>
        <div
          class="posts"
        >
          <div
            class="post"
          >
            <div>
              <div
                class="postInfo"
              >
                <img
                  src="dot.jpg"
                />
                <div
                  style="font-weight: bold;"
                >
                  dot
                </div>
              </div>
              <img
                src="post.png"
              />
            </div>
            <img
              src="rockWall.jpg"
            />
            <div
              class="postDescrip"
            >
              <div
                class="postNavBar"
              >
                <div>
                  <img
                    src="heart.png"
                  />
                  <img
                    src="postmessage.png"
                  />
                  <img
                    src="send.png"
                  />
                </div>
                <div>
                  Nav Dots here
                </div>
                <div>
                  <img
                    src="bookmark.png"
                  />
                </div>
              </div>
              <div
                class="postLikes"
              >
                <div>
                  Images
                </div>
                <div>
                  Like by 
                  <b>
                    username
                  </b>
                   and 
                  <b>
                    others
                  </b>
                </div>
              </div>
              <div
                class="postCaption"
              >
                <div>
                  <b>
                    dot
                  </b>
                   Some captions here and there or maybe everywhere
                </div>
                <div>
                  View 
                  5
                   comments
                </div>
              </div>
              <div
                class="postComment"
              >
                <input
                  placeholder="Add a comment..."
                  type="text"
                />
                <button>
                  Post
                </button>
              </div>
            </div>
          </div>
          <div
            class="post"
          >
            <div>
              <div
                class="postInfo"
              >
                <img
                  src="flick.jpg"
                />
                <div
                  style="font-weight: bold;"
                >
                  flick
                </div>
              </div>
              <img
                src="post.png"
              />
            </div>
            <img
              src="rockWallBlack.jpg"
            />
            <div
              class="postDescrip"
            >
              <div
                class="postNavBar"
              >
                <div>
                  <img
                    src="heart.png"
                  />
                  <img
                    src="postmessage.png"
                  />
                  <img
                    src="send.png"
                  />
                </div>
                <div>
                  Nav Dots here
                </div>
                <div>
                  <img
                    src="bookmark.png"
                  />
                </div>
              </div>
              <div
                class="postLikes"
              >
                <div>
                  Images
                </div>
                <div>
                  Like by 
                  <b>
                    username
                  </b>
                   and 
                  <b>
                    others
                  </b>
                </div>
              </div>
              <div
                class="postCaption"
              >
                <div>
                  <b>
                    flick
                  </b>
                   Some captions here and there or maybe everywhere
                </div>
                <div>
                  View 
                  10
                   comments
                </div>
              </div>
              <div
                class="postComment"
              >
                <input
                  placeholder="Add a comment..."
                  type="text"
                />
                <button>
                  Post
                </button>
              </div>
            </div>
          </div>
          <div
            class="post"
          >
            <div>
              <div
                class="postInfo"
              >
                <img
                  src="heimlich.jpg"
                />
                <div
                  style="font-weight: bold;"
                >
                  heimlich
                </div>
              </div>
              <img
                src="post.png"
              />
            </div>
            <img
              src="rockWall.jpg"
            />
            <div
              class="postDescrip"
            >
              <div
                class="postNavBar"
              >
                <div>
                  <img
                    src="heart.png"
                  />
                  <img
                    src="postmessage.png"
                  />
                  <img
                    src="send.png"
                  />
                </div>
                <div>
                  Nav Dots here
                </div>
                <div>
                  <img
                    src="bookmark.png"
                  />
                </div>
              </div>
              <div
                class="postLikes"
              >
                <div>
                  Images
                </div>
                <div>
                  Like by 
                  <b>
                    username
                  </b>
                   and 
                  <b>
                    others
                  </b>
                </div>
              </div>
              <div
                class="postCaption"
              >
                <div>
                  <b>
                    heimlich
                  </b>
                   Some captions here and there or maybe everywhere
                </div>
                <div>
                  View 
                  6
                   comments
                </div>
              </div>
              <div
                class="postComment"
              >
                <input
                  placeholder="Add a comment..."
                  type="text"
                />
                <button>
                  Post
                </button>
              </div>
            </div>
          </div>
        </div>
      </div>
      <div
        class="rightDiv"
      >
        <div>
          <div
            class="suggestSwitchAcc"
          >
            <img
              class="accImg"
              src="rosie.jpg"
            />
            <div
              class="rightDivAcc"
            >
              <div>
                Account Username
              </div>
              <div>
                Some username
              </div>
            </div>
          </div>
          <button>
            Switch
          </button>
        </div>
        <div
          class="suggestions"
        >
          <div>
            Suggestions For You
             
            <button
              style="color: black;"
            >
              See All
            </button>
          </div>
          <div
            class="suggestionFollowers"
          >
            <div>
              <img
                src="rosie.jpg"
              />
              <div>
                <div
                  class="suggestFollowerName"
                >
                  rosie
                </div>
                <div>
                  Followed by 
                  rosie
                   + 
                  3
                   more
                </div>
              </div>
            </div>
            <button>
              Follow
            </button>
          </div>
          <div
            class="suggestionFollowers"
          >
            <div>
              <img
                src="dot.jpg"
              />
              <div>
                <div
                  class="suggestFollowerName"
                >
                  dot
                </div>
                <div>
                  Followed by 
                  dot
                   + 
                  4
                   more
                </div>
              </div>
            </div>
            <button>
              Follow
            </button>
          </div>
          <div
            class="suggestionFollowers"
          >
            <div>
              <img
                src="flick.jpg"
              />
              <div>
                <div
                  class="suggestFollowerName"
                >
                  flick
                </div>
                <div>
                  Followed by 
                  flick
                   + 
                  5
                   more
                </div>
              </div>
            </div>
            <button>
              Follow
            </button>
          </div>
          <div
            class="suggestionFollowers"
          >
            <div>
              <img
                src="heimlich.jpg"
              />
              <div>
                <div
                  class="suggestFollowerName"
                >
                  heimlich
                </div>
                <div>
                  Followed by 
                  heimlich
                   + 
                  6
                   more
                </div>
              </div>
            </div>
            <button>
              Follow
            </button>
          </div>
          <div
            class="suggestionFollowers"
          >
            <div>
              <img
                src="hopper.jpg"
              />
              <div>
                <div
                  class="suggestFollowerName"
                >
                  hopper
                </div>
                <div>
                  Followed by 
                  hopper
                   + 
                  7
                   more
                </div>
              </div>
            </div>
            <button>
              Follow
            </button>
          </div>
        </div>
      </div>
    </div>
  </div>
</div>
`;
